// Jest Snapshot v1, https://goo.gl/fbAQLP

exports[`CommunityList component renders correctly 1`] = `
<div
  data-v-app=""
>
  
  <!-- A list conatining all the communities -->
  <ul>
    
    <li>
      <div
        class="border-black"
      >
        
        <!-- Main modal -->
        <!--v-if-->
        
        <div
          class="bg-white shadow dark:bg-gray-800 select-none cursor-pointer hover:bg-gray-50 flex items-center p-2"
        >
          <div
            class="h-3 w-14 flex flex-col justify-center items-center ml-2 mt-4 mb-4 mr-2"
          >
            <img
              alt="Bilde"
              class="rounded-md h-14 w-14 object-contain"
              src="string"
            />
          </div>
          <div
            class="flex-1 pl-1 overflow-hidden"
          >
            <div
              class="font-medium text-gray-800 dark:text-white truncate"
            >
              string
            </div>
          </div>
          <div
            class="flex flex-row justify-center items-center"
          >
            <svg
              aria-hidden="true"
              class="max-h-6 max-w-6 shrink m-2"
              fill="none"
              stroke="currentColor"
              stroke-width="2"
              viewBox="0 0 24 24"
              xmlns="http://www.w3.org/2000/svg"
            >
              <path
                d="M12 15v2m-6 4h12a2 2 0 002-2v-6a2 2 0 00-2-2H6a2 2 0 00-2 2v6a2 2 0 002 2zm10-10V7a4 4 0 00-8 0v4h8z"
                stroke-linecap="round"
                stroke-linejoin="round"
              />
            </svg>
          </div>
        </div>
      </div>
    </li>
    <li>
      <div
        class="border-black"
      >
        
        <!-- Main modal -->
        <!--v-if-->
        
        <div
          class="bg-white shadow dark:bg-gray-800 select-none cursor-pointer hover:bg-gray-50 flex items-center p-2"
        >
          <div
            class="h-3 w-14 flex flex-col justify-center items-center ml-2 mt-4 mb-4 mr-2"
          >
            <img
              alt="Bilde"
              class="rounded-md h-14 w-14 object-contain"
              src="string"
            />
          </div>
          <div
            class="flex-1 pl-1 overflow-hidden"
          >
            <div
              class="font-medium text-gray-800 dark:text-white truncate"
            >
              string
            </div>
          </div>
          <div
            class="flex flex-row justify-center items-center"
          >
            <svg
              aria-hidden="true"
              class="max-h-6 max-w-6 shrink m-2"
              fill="none"
              stroke="currentColor"
              stroke-width="2"
              viewBox="0 0 24 24"
              xmlns="http://www.w3.org/2000/svg"
            >
              <path
                d="M12 15v2m-6 4h12a2 2 0 002-2v-6a2 2 0 00-2-2H6a2 2 0 00-2 2v6a2 2 0 002 2zm10-10V7a4 4 0 00-8 0v4h8z"
                stroke-linecap="round"
                stroke-linejoin="round"
              />
            </svg>
          </div>
        </div>
      </div>
    </li>
    
  </ul>
  
</div>
`;
