// Jest Snapshot v1, https://goo.gl/fbAQLP

exports[`NewItemForm component renders correctly 1`] = `
<div
  data-v-app=""
>
  
  <!-- Form for adding a new item -->
  <div
    class="md:ring-1 ring-gray-300 rounded-xl overflow-hidden mx-auto mb-auto max-w-md w-full p-4"
  >
    <!-- Component heading -->
    <h3
      class="text-xl font-medium text-center text-primary-light mt-4 mb-8"
    >
       Opprett ny utleie 
    </h3>
    <!-- Title -->
    <div
      class="mb-6"
    >
      <label
        class="block mb-2 text-sm font-medium text-gray-900 dark:text-gray-300"
        id="titleLabel"
      >
        Tittel
      </label>
      <input
        class="block w-full px-4 py-2 mt-2 text-gray-700 placeholder-gray-500 bg-white border rounded-md dark:bg-gray-800 dark:border-gray-600 dark:placeholder-gray-400 focus:border-primary-light dark:focus:border-primary-light focus:ring-opacity-40 focus:outline-none focus:ring focus:ring-primary-light"
        id="title"
        required=""
        type="text"
      />
      <!-- error message for title-->
      
      
    </div>
    <!-- Select category -->
    <div
      class="mb-6"
    >
      <label
        class="block mb-2 text-sm font-medium text-gray-900 dark:text-gray-400"
        id="selectCategoryLabel"
      >
        Kategori
      </label>
      <select
        class="block w-full px-4 py-2 mt-2 text-gray-700 placeholder-gray-500 bg-white border rounded-md dark:bg-gray-800 dark:border-gray-600 dark:placeholder-gray-400 focus:border-primary-light dark:focus:border-primary-light focus:ring-opacity-40 focus:outline-none focus:ring focus:ring-primary-light"
        id="categories"
      >
        <option
          class="text-gray-400"
          disabled=""
          value=""
        >
           Velg en kategori 
        </option>
        
        <option
          class="text-gray-900 text-sm"
        >
          Antikviteter og kunst
        </option>
        <option
          class="text-gray-900 text-sm"
        >
          Dyr og utstyr
        </option>
        <option
          class="text-gray-900 text-sm"
        >
          Elektronikk og hvitevarer
        </option>
        <option
          class="text-gray-900 text-sm"
        >
          Foreldre og barn
        </option>
        <option
          class="text-gray-900 text-sm"
        >
          Fritid, hobby og underholdning
        </option>
        <option
          class="text-gray-900 text-sm"
        >
          Hage, oppussing og hus
        </option>
        <option
          class="text-gray-900 text-sm"
        >
          Klær, kosmetikk og tilbehør
        </option>
        <option
          class="text-gray-900 text-sm"
        >
          Møbler og interiør
        </option>
        <option
          class="text-gray-900 text-sm"
        >
          Næringsvirksomhet
        </option>
        <option
          class="text-gray-900 text-sm"
        >
          Sport og friluftsliv
        </option>
        <option
          class="text-gray-900 text-sm"
        >
          Utstyr til bil, båt og MC
        </option>
        
      </select>
      <!-- error message for select category -->
      
      
    </div>
    <!-- Community -->
    <div
      class="mb-6"
    >
      <label
        class="block text-sm font-medium text-gray-900 dark:text-gray-400"
      >
        Grupper
      </label>
      <div
        class="overflow-auto w-full max-h-32 mt-2 text-base list-none bg-white rounded divide-y divide-gray-100 dark:bg-gray-700"
      >
        <ul
          aria-labelledby="dropdownDefault"
          class="py-1"
        >
          <li>
            
            
          </li>
        </ul>
      </div>
      <!-- Error message for community -->
      <label
        class="text-error-medium text-sm block"
      />
    </div>
    <!-- price -->
    <div
      class="mb-6 mt-4"
    >
      <label
        class="block mb-2 text-sm font-medium text-gray-900 dark:text-gray-300"
        id="priceLabel"
      >
        Pris per dag
      </label>
      <input
        class="block w-full px-4 py-2 mt-2 text-gray-700 placeholder-gray-500 bg-white border rounded-md dark:bg-gray-800 dark:border-gray-600 dark:placeholder-gray-400 focus:border-primary-light dark:focus:border-primary-light focus:ring-opacity-40 focus:outline-none focus:ring focus:ring-primary-light"
        id="price"
        required=""
        type="number"
      />
      <!-- error message for price -->
      
      
    </div>
    <!-- Description -->
    <div
      class="mb-6"
    >
      <label
        class="block mb-2 text-sm font-medium text-gray-900 dark:text-gray-400"
        id="descriptionLabel"
      >
        Beskrivelse
      </label>
      <textarea
        class="block w-full px-4 py-2 mt-2 text-gray-700 placeholder-gray-500 bg-white border rounded-md dark:bg-gray-800 dark:border-gray-600 dark:placeholder-gray-400 focus:border-primary-light dark:focus:border-primary-light focus:ring-opacity-40 focus:outline-none focus:ring focus:ring-primary-light"
        id="description"
        required=""
        rows="4"
      />
      <!-- error message for description -->
      
      
    </div>
    <!-- Address -->
    <div
      class="mb-6"
    >
      <label
        class="block mb-2 text-sm font-medium text-gray-900 dark:text-gray-300"
        id="addressLabel"
      >
        Adresse
      </label>
      <input
        class="block w-full px-4 py-2 mt-2 text-gray-700 placeholder-gray-500 bg-white border rounded-md dark:bg-gray-800 dark:border-gray-600 dark:placeholder-gray-400 focus:border-primary-light dark:focus:border-primary-light focus:ring-opacity-40 focus:outline-none focus:ring focus:ring-primary-light"
        id="adress"
        required=""
        type="text"
      />
      <!-- error message for address-->
      
      
    </div>
    <!-- Images -->
    <div>
      <label
        class="block mb-2 text-sm font-medium text-gray-900 dark:text-gray-400"
        id="imageLabel"
      >
         Bilder (bildene må være .png) 
      </label>
      <input
        accept="image/png"
        style="display: none;"
        type="file"
      />
      <!-- Opens file explorer -->
      
      <!-- Button with custom text and color -->
      <button
        class="flex items-center px-2 py-2 font-medium tracking-wide capitalize text-white transition-colors duration-200 transform rounded-md focus:outline-none focus:ring focus:ring-opacity-80 min-w-{20px} bg-primary-medium hover:bg-primary-dark focus:ring-primary-light"
      >
        Velg bilde
      </button>
      
      <!-- Shows chosen images -->
      
      
    </div>
    <!-- Save item button -->
    <div
      class="float-right"
    >
      
      <!-- Button with custom text and color -->
      <button
        class="flex items-center px-2 py-2 font-medium tracking-wide capitalize text-white transition-colors duration-200 transform rounded-md focus:outline-none focus:ring focus:ring-opacity-80 min-w-{20px} bg-primary-medium hover:bg-primary-dark focus:ring-primary-light"
        id="saveButton"
      >
        Lagre
      </button>
      
    </div>
  </div>
  
</div>
`;
