// Jest Snapshot v1, https://goo.gl/fbAQLP

exports[`ColoredButtonComponent renders correctly 1`] = `
<div
  data-v-app=""
>
  
  <!-- Button with custom text and color -->
  <button
    class="flex items-center px-2 py-2 font-medium tracking-wide capitalize text-white transition-colors duration-200 transform rounded-md focus:outline-none focus:ring focus:ring-opacity-80 min-w-{20px} bg-primary-medium hover:bg-primary-dark focus:ring-primary-light"
  >
    hei
  </button>
  
</div>
`;
