// Jest Snapshot v1, https://goo.gl/fbAQLP

exports[`PaginationTemplate renders correctly 1`] = `
<div
  data-v-app=""
>
  
  <!-- Pagination -->
  <!--v-if-->
  
</div>
`;
