// Jest Snapshot v1, https://goo.gl/fbAQLP

exports[`NewPasswordForm component renders correctly 1`] = `
<div
  data-v-app=""
>
  
  <!-- A form for changing password -->
  <div
    class="md:ring-1 ring-gray-300 rounded-xl overflow-hidden mx-auto mb-auto max-w-md w-full p-4"
  >
    <!-- Header -->
    <h3
      class="text-xl font-medium text-center text-gray-600 dark:text-gray-200 mt-4 mb-8"
    >
       Endre passord 
    </h3>
    <!-- Input field for old password -->
    <div
      class=""
      id="oldPasswordField"
    >
      <label
        class="block text-sm text-gray-800 dark:text-gray-200"
      >
        Gammelt passord
      </label>
      <input
        class="block w-full px-4 py-2 mt-2 text-gray-700 placeholder-gray-500 bg-white border rounded-md dark:bg-gray-800 dark:border-gray-600 dark:placeholder-gray-400 focus:border-blue-400 dark:focus:border-blue-300 focus:ring-opacity-40 focus:outline-none focus:ring focus:ring-blue-300"
        type="password"
      />
      <!-- error message for password -->
      
      
    </div>
    <!-- New password -->
    <div
      class="mt-4"
      id="firstPasswordField"
    >
      <label
        class="block text-sm text-gray-800 dark:text-gray-200"
      >
        Nytt passord
      </label>
      <input
        class="block w-full px-4 py-2 mt-2 text-gray-700 placeholder-gray-500 bg-white border rounded-md dark:bg-gray-800 dark:border-gray-600 dark:placeholder-gray-400 focus:border-blue-400 dark:focus:border-blue-300 focus:ring-opacity-40 focus:outline-none focus:ring focus:ring-blue-300"
        type="password"
      />
      <!-- error message for password -->
      
      
    </div>
    <!-- Repeating new password -->
    <div
      class="mt-4"
      id="secondPasswordField"
    >
      <div
        class="flex items-center justify-between"
      >
        <label
          class="block text-sm text-gray-800 dark:text-gray-200"
        >
          Gjenta nytt passord
        </label>
      </div>
      <input
        class="block w-full px-4 py-2 mt-2 text-gray-700 placeholder-gray-500 bg-white border rounded-md dark:bg-gray-800 dark:border-gray-600 dark:placeholder-gray-400 focus:border-blue-400 dark:focus:border-blue-300 focus:ring-opacity-40 focus:outline-none focus:ring focus:ring-blue-300"
        type="password"
      />
      <!-- error message for password -->
      
      
    </div>
    <!-- Button -->
    <div
      class="mt-6"
      id="buttonsField"
    >
      
      <!-- Button with custom text and color -->
      <button
        class="flex items-center px-2 py-2 font-medium tracking-wide capitalize text-white transition-colors duration-200 transform rounded-md focus:outline-none focus:ring focus:ring-opacity-80 min-w-{20px} bg-primary-medium hover:bg-primary-dark focus:ring-primary-light float-right"
      >
        Sett ny passord
      </button>
      
    </div>
    <!-- Message for user -->
    <div
      class="flex items-center justify-center text-center bg-gray-50"
    >
      <label
        class="mx-2 text-sm font-bold text-error-medium dark:text-primary-light hover:underline"
      />
    </div>
  </div>
  
</div>
`;
