// Jest Snapshot v1, https://goo.gl/fbAQLP

exports[`Rating component renders correctly 1`] = `
<div
  data-v-app=""
>
  
  <!-- Shows rating, if no rating found, tells the user that no rating is registered -->
  <ul
    class="flex justify-center"
  >
    <li>
      <p
        class="ml-2 text-sm font-medium text-gray-500 dark:text-gray-400"
      >
        :Â  
      </p>
    </li>
    <li>
      <p
        class="ml-2 text-sm font-medium text-gray-500 dark:text-gray-400"
      >
         Ingen vurderinger 
      </p>
    </li>
  </ul>
  
</div>
`;
