// Jest Snapshot v1, https://goo.gl/fbAQLP

exports[`ResetPasswordForm component renders correctly 1`] = `
<div
  class="md:ring-1 ring-gray-300 rounded-xl overflow-hidden mx-auto mb-auto max-w-md w-full p-4"
>
  <h3
    class="text-xl font-medium text-center text-primary-light mt-4 mb-8"
  >
     Glemt passordet ditt? 
  </h3>
  <div
    class="m-6"
    id="emailField"
  >
    <div
      class="mb-6"
    >
      <label
        class="block mb-2 text-sm font-medium text-gray-900 dark:text-gray-300"
        for="email"
      >
        E-post
      </label>
      <input
        class="block w-full px-4 py-2 mt-2 text-gray-700 placeholder-gray-500 bg-white border rounded-md dark:bg-gray-800 dark:border-gray-600 dark:placeholder-gray-400 focus:border-blue-400 dark:focus:border-blue-300 focus:ring-opacity-40 focus:outline-none focus:ring focus:ring-blue-300"
        id="email"
        placeholder="eksempel@eksempel.no"
        required=""
        type="email"
      />
      <!-- error message -->
      
      
    </div>
    
    <!-- Button with custom text and color -->
    <button
      class="flex items-center px-2 py-2 font-medium tracking-wide capitalize text-white transition-colors duration-200 transform rounded-md focus:outline-none focus:ring focus:ring-opacity-80 min-w-{20px} bg-primary-medium hover:bg-primary-dark focus:ring-primary-light float-right"
    >
      Tilbakestill passord
    </button>
    
  </div>
</div>
`;
